#EXTHTTP:User-Agent=ExoPlayer/2.18.1
#EXTM3U
#EXT-X-VERSION:9
#EXT-X-TARGETDURATION:2
#EXT-X-PART-INF:PART-TARGET=0.5
#EXT-X-SERVER-CONTROL:CAN-SKIP-UNTIL=20,PART-HOLD-BACK=1.5,HOLD-BACK=6,CAN-BLOCK-RELOAD=YES
#EXT-X-PROGRAM-DATE-TIME:2026-03-31T00:41:42Z
#EXT-X-DATERANGE:ID="ape-anticut-19",START-DATE="2026-03-31T00:41:42Z",DURATION=0.0,X-APE-ENGINE="ANTI-CUT-v1.0",X-APE-PROFILE="P3-STANDARD",X-APE-QUALITY-LOCK="NATIVA_MAXIMA",X-APE-COOLDOWN="900"
#EXT-X-SESSION-DATA:DATA-ID="com.ape.anticut.profile",VALUE="P3-STANDARD"
#EXT-X-SESSION-DATA:DATA-ID="com.ape.anticut.quality_lock",VALUE="NATIVA_MAXIMA"
#EXT-X-SESSION-DATA:DATA-ID="com.ape.anticut.cooldown",VALUE="900s"
#EXT-X-SESSION-DATA:DATA-ID="com.ape.anticut.max_bitrate",VALUE="200000000"
#EXT-X-SESSION-DATA:DATA-ID="com.ape.anticut.min_bitrate",VALUE="20000000"
# {"ape_command_set":"ANTI_CUT_ENGINE_v1.0","profile":"P3-STANDARD","cut_detection":{"monitor_buffer":true,"monitor_packet_loss":true,"monitor_rtt":true,"monitor_segment_gaps":true,"heartbeat_ms":1000,"rtt_alert_ms":400,"packet_loss_alert_pct":5,"segment_gap_tolerance":3},"cut_response":{"on_first_cut":{"action":"lock_quality_and_reconnect","quality_lock_seconds":900,"reconnect_delay_ms":0,"keep_quality":true,"escalate_buffer":true},"on_repeated_cuts":{"parallel_connections":"8,12,16","prefetch_multiplier":2,"buffer_multiplier":1.5,"escalate_isp":true}}}
# {"ape_quality_lock_matrix":"v1.0","states":{"IDLE":{"target_bw":200000000,"min_bw":20000000,"downswitch":"normal","resolution":"3840x2160","hevc":"MAIN-10"},"CUT_DETECTED":{"target_bw":150000000,"min_bw":20000000,"downswitch":"BLOCKED","resolution":"3840x2160","hevc":"MAIN-10"},"RECONNECTING":{"target_bw":200000000,"min_bw":20000000,"downswitch":"BLOCKED","resolution":"3840x2160","hevc":"MAIN-10"},"COOLDOWN":{"target_bw":150000000,"min_bw":20000000,"downswitch":"BLOCKED","duration_s":900},"STABLE_15MIN":{"target_bw":200000000,"min_bw":20000000,"downswitch":"limited","aggressive_probe":true}}}
# {"ape_isp_strangulation":"v1.0","tcp_optimization":{"congestion_control":"bbr","fast_open":true,"quick_ack":true,"window_scale":true,"mtu_probing":true},"parallel_downloads":{"segments_per_conn":"8,12","concurrent":"8,12","prefetch_count":1000,"prefetch_parallel":500,"strategy":"AGGRESSIVE"},"buffer":{"target_ms":150000,"max_ms":600000,"escalation":"NUCLEAR","aggression":12},"qos":{"dscp":56,"priority":"high-critical","guarantee":"unlimited","floor_bps":25000000}}
# {"ape_recovery":"v1.0","on_cut":{"step_1_immediate":{"action":"http_reconnect","delay_ms":0,"timeout_ms":5000,"keep_quality":true},"step_2_parallel":{"action":"parallel_reconnect","connections":4,"first_response":"use","cancel_rest":true},"step_3_fallback":{"action":"try_alternate_origin","strategy":"rotate","cooldown_s":30},"step_4_escalate":{"action":"escalate_isp_strangling","double_prefetch":true,"double_buffer":true,"max_connections":16,"notify":false}}}
# {"ape_channel_profile":"v1.0","ch_id":19,"profile":"P3-STANDARD","session":"SES_1b35168bd3663fab","timestamp":"2026-03-31T00:41:42Z","max_bitrate":200000000,"min_bitrate":20000000,"resolution":"3840x2160","hevc":"MAIN-10","color_space":"BT2020","quality_lock":"NATIVA_MAXIMA","cooldown_s":900,"escalation":"NUCLEAR","aggression":12}
#EXTINF: -1  codec="HEVC" video-track="3840x2160" bl-video-track="3840x2160,1920x1080,1280x720,854x480",Channel 19
#EXTHTTP:{"User-Agent":"Mozilla/5.0 (Linux; Android 14; SHIELD Android TV Build/UP1A.231005.007) AppleWebKit/537.36 (KHTML, like Gecko) Chrome/124.0.6367.179 Safari/537.36","Referer":"https://http://candycm.club:80/","Origin":"https://http://candycm.club:80","Connection":"close","Accept-Language":"en-US,en;q=0.9","X-APE-Cut-Detection":"ACTIVE","X-Packet-Loss-Monitor":"enabled,aggressive,compensate","X-RTT-Monitoring":"enabled,aggressive,compensate","X-Congestion-Detect":"enabled","X-Segment-Failure-Track":"enabled,log,alert,reconnect","X-Buffer-Underrun-Monitor":"enabled,aggressive-prefetch-preventive","X-Bandwidth-Estimation":"optimistic,unlimited","X-BW-Confidence-Threshold":"0.95","X-BW-Estimation-Window":"10","X-Playback-Session-Id":"SES_1b35168bd3663fab","X-Max-Bitrate":"200000000","X-Min-Bitrate":"20000000","X-Initial-Bitrate":"50000000,60000000,80000000","X-Target-Bitrate":"150000000","X-Max-Resolution":"3840x2160","X-Screen-Resolution":"3840x2160","X-Preferred-Resolution":"4320","X-Min-Resolution":"2160","X-HEVC-Tier":"HIGH","X-HEVC-Level":"6.1,6.0,5.1,5.0,4.1,4.0,3.1","X-HEVC-Profile":"MAIN-10","X-Video-Profile":"main10","X-Color-Space":"BT2020","X-Chroma-Subsampling":"4:2:0","X-Color-Depth":"10","X-Color-Primaries":"bt2020","X-Pixel-Format":"yuv420p10le","X-HDR-Support":"hdr10,hdr10+,dolby_vision,hlg,slhdr1","X-HDR-Peak-Luminance":"5000","X-HDR-MaxCLL":"5000","X-HDR-MaxFALL":"1500","X-HDR-Min-Luminance":"0.0001","X-HDR-Mastering-Display":"G(13250,34500)B(7500,3000)R(34000,16000)WP(15635,16450)L(50000000,1)","X-HDR-Bit-Depth":"12","X-HDR10Plus-Profile":"A","X-Dolby-Vision-Profile":"8.1,8.4,5","X-Display-Brightness":"5000","X-GPU-Tone-Mapping":"hable,perceptual,adaptive","X-GPU-HDR-Processing":"maximum,per-pixel","X-Dynamic-Range":"hdr","X-Rate-Control":"VBR","X-Entropy-Coding":"CABAC","X-Compression-Level":"1","X-Sharpen-Sigma":"0.02","X-Frame-Rates":"24,25,30,50,60,120","X-Codec-Priority":"h266,hevc,vp9,av1,h264","X-Bypass-ABR":"true","X-Quality-Lock":"NATIVA_MAXIMA","X-Force-Quality-Lock":"true","X-Disable-Downswitch":"true","X-Cooldown-Period":"900","X-HDR-Transfer-Function":"auto","X-Matrix-Coefficients":"BT2020NC","X-Bandwidth-Guarantee":"unlimited","X-Bandwidth-Preference":"unlimited","X-BW-Smooth-Factor":"0.01","X-Min-Bandwidth-Floor":"25000000","X-Network-Caching":"15000","X-Live-Caching":"200000","X-File-Caching":"600000","X-Buffer-Strategy":"RAM_OVERDRIVE_MULTI_TCP","X-Buffer-Ms":"150000","X-Buffer-Target":"150000","X-Buffer-Min":"1000","X-Buffer-Max":"600000","X-Buffer-Target-Override":"600000","X-Buffer-Escalation-Level":"NUCLEAR","X-Aggression-Multiplier":"12","X-Buffer-Underrun-Strategy":"aggressive-prefetch-preventive","X-Prefetch-Segments":"1000","X-Prefetch-Parallel":"4","X-Prefetch-Buffer-Target":"2000000","X-Prefetch-Strategy":"AGGRESSIVE","X-Prefetch-Enabled":"true,adaptive,auto,aggressive","X-Prefetch-Depth":"30","X-Parallel-Segments":"8,12","X-Concurrent-Downloads":"8,12","X-Segment-Preload":"true","X-Segment-Duration":"2","X-DSCP-Override":"56","X-Priority":"high-critical","X-QoS-Class":"platinum","X-QoS-Level":"premium","X-Traffic-Class":"media-streaming","X-Network-Priority":"high","X-TCP-Congestion-Control":"bbr","X-TCP-Fast-Open":"true","X-TCP-Quick-ACK":"true","X-TCP-Window-Scale":"true","X-TCP-MTU-Probing":"true","X-Audio-Codecs":"eac3,ac3,aac,mp3","X-Audio-Track-Selection":"default","X-Dolby-Atmos":"false","X-Audio-Channels":"5.1,2.0","X-Audio-Sample-Rate":"48000","X-Audio-Bit-Depth":"16bit,24bit","X-Spatial-Audio":"false","X-Audio-Passthrough":"false","X-Reconnect-Timeout-Ms":"5","X-Reconnect-Max-Attempts":"999","X-Reconnect-Delay-Ms":"0","X-Reconnect-On-Error":"true,immediate","X-Failover-Enabled":"true","X-Seamless-Failover":"true","X-Request-Priority":"high-critical","X-Client-Timestamp":"1774917702","X-Device-Id":"DEV_559fb1dee183","X-Request-Id":"REQ_7469798dfd13","X-Media-Parallel-Downloads":"6","X-Neuromotor-Strikes":"0","X-Neuromotor-Multiplier":"x8","X-Network-QoS-DSCP":"CS7","X-Network-Caching-Live":"96000","X-Buffer-Panic-Threshold":"35000","X-ExoPlayer-Buffer-Strategy":"Pre-emptive","X-ExoPlayer-Min-Load":"280000","X-ExoPlayer-Max-Load":"960000","X-Load-Control":"max-concurrent=4","X-RQ-Enforcement":"NUCLEAR","X-RQ-Directive-Sync":"VLCOPT+KODIPROP+EXTHTTP","X-BANDWIDTH-FLOOR":"130000000","X-RESOLUTION-TARGET":"3840x2160","X-Session-Data":"org.mpeg.lcevc","X-Video-Range":"PQ","X-Color-Equivalent":"BT2020","X-Hardware-Decode":"true","X-Video-Compression":"0.0","X-No-Proxy":"true","Sec-Fetch-Dest":"empty","Sec-Fetch-Mode":"cors","Sec-Fetch-Site":"cross-site","DNT":"1"}
#EXTVLCOPT:http-user-agent=Mozilla/5.0 (Linux; Android 14; SHIELD Android TV Build/UP1A.231005.007) AppleWebKit/537.36 (KHTML, like Gecko) Chrome/124.0.6367.179 Safari/537.36
#EXTVLCOPT:http-referrer=https://http://candycm.club:80/
#EXTVLCOPT:avcodec-codec=hevc
#EXTVLCOPT:sout-video-codec=hevc
#EXTVLCOPT:codec=hevc
#EXTVLCOPT:avcodec-hw=any,dxva2,d3d11va,nvdec,vdpau
#EXTVLCOPT:avcodec-fast=1
#EXTVLCOPT:avcodec-threads=0
#EXTVLCOPT:sout-video-profile=main10
#EXTVLCOPT:adaptive-maxbw=200000000
#EXTVLCOPT:preferred-resolution=4320
#EXTVLCOPT:adaptive-maxwidth=7680
#EXTVLCOPT:adaptive-maxheight=4320
#EXTVLCOPT:preferred-resolution=2160
#EXTVLCOPT:adaptive-maxwidth=3840
#EXTVLCOPT:adaptive-maxheight=2160
#EXTVLCOPT:preferred-resolution=1080
#EXTVLCOPT:adaptive-maxwidth=1920
#EXTVLCOPT:adaptive-maxheight=1080
#EXTVLCOPT:preferred-resolution=720
#EXTVLCOPT:adaptive-maxwidth=1280
#EXTVLCOPT:adaptive-maxheight=720
#EXTVLCOPT:adaptive-logic=highest
#EXTVLCOPT:network-caching=400000
#EXTVLCOPT:live-caching=300000
#EXTVLCOPT:disc-caching=600000
#EXTVLCOPT:file-caching=600000
#EXTVLCOPT:clock-jitter=0
#EXTVLCOPT:clock-synchro=0
#EXTVLCOPT:http-continuous=true
#EXTVLCOPT:http-reconnect=true
#EXTVLCOPT:no-drop-late-frames=true
#EXTVLCOPT:no-skip-frames=true
#EXTVLCOPT:avcodec-skip-frame=0
#EXTVLCOPT:avcodec-skip-idct=0
#EXTVLCOPT:http-timeout=12000
#EXTVLCOPT:http-user-timeout=15000
#EXTVLCOPT:server-port=443
#EXTVLCOPT:no-http-reconnect=0
#EXTVLCOPT:http-ssl-verifyhost=0
#EXTVLCOPT:http-ssl-verifypeer=0
#EXTVLCOPT:tls-session-resumption=true
#EXTVLCOPT:gnutls-compression=none
#EXTVLCOPT:network-caching-dscp=56
#EXTVLCOPT:network-caching-dscp-qos=56
#EXTVLCOPT:deinterlace=1
#EXTVLCOPT:deinterlace-mode=bwdif
#EXTVLCOPT:postproc-q=6
#EXTVLCOPT:aspect-ratio=16:9
#EXTVLCOPT:crop=16:9
#EXTVLCOPT:autoscale=true
#EXTVLCOPT:vout=opengl
#EXTVLCOPT:video-on-top=0
#EXTVLCOPT:fullscreen=0
#EXTVLCOPT:audio-channels=6
#EXTVLCOPT:audiotrack-passthrough=true
#EXTVLCOPT:force-dolby-surround=0
#EXTVLCOPT:avcodec-hw=any
#EXTVLCOPT:deinterlace=1
#EXTVLCOPT:deinterlace-mode=bwdif
#EXTVLCOPT:codec=hevc,av1,h264
#EXTVLCOPT:avcodec-skiploopfilter=0
#EXTVLCOPT:avcodec-fast=0
#EXTVLCOPT:swscale-mode=lanczos
#EXTVLCOPT:postproc-q=6
#EXTVLCOPT:avcodec-error-resilience=1
#EXTVLCOPT:avcodec-threads=0
#EXTVLCOPT:network-caching=96000
#EXTVLCOPT:http-reconnect=true
#EXTVLCOPT:video-filter=postproc,hqdn3d,bwdif
#EXTVLCOPT:postproc-q=6
#EXTVLCOPT:hqdn3d=5:4:6:4.5
#EXTVLCOPT:http-proxy=
#EXTVLCOPT:no-proxy-server=true
#EXTVLCOPT:network-proxy-bypass=1
#EXT-X-SESSION-DATA:DATA-ID="org.mpeg.lcevc",VALUE="1"
#EXT-X-APE-SENTINEL-ACTIVE: true
#EXT-X-APE-SENTINEL-MODE: normal
#EXT-X-APE-SENTINEL-AGGRESSION: 1
#EXT-X-APE-SENTINEL-PARALLEL: 4
#EXT-X-APE-SENTINEL-SPEED-GRADE: medium
#EXT-X-APE-SENTINEL-DEPLETIONS: 0
#EXT-X-STREAM-INF:BANDWIDTH=130000000,AVERAGE-BANDWIDTH=130000000,RESOLUTION=3840x2160,CODECS="hvc1.2.4.L153.B0,mp4a.40.2"
http://candycm.club:80/live/4jzt0kJWLN/1k6j40sYDi/19.m3u8
